<script src=".tmp/f99e8ea9ea84473abf6564879f094729.js"></script>