<script src=".tmp/2104bdb37e8faf5ad9e4ffbb0e045f6b.js"></script>
<script src=".tmp/2104bdb37e8faf5ad9e4ffbb0e045f6b.js"></script>
<script src=".tmp/2104bdb37e8faf5ad9e4ffbb0e045f6b.js"></script>
<script src="//ajax.googleapis.com/ajax/libs/jquery/1.10.2/jquery.min.js"></script>